Cấu hình hostname, domain name, enable password, banner mode:

ciscoasa> ena
Password: 
ciscoasa# conf t
ciscoasa(config)# 

***************************** NOTICE *****************************

Help to improve the ASA platform by enabling anonymous reporting,
which allows Cisco to securely receive minimal error and health
information from the device. To learn more about this feature,
please visit: http://www.cisco.com/go/smartcall

Would you like to enable anonymous error reporting to help improve
the product? [Y]es, [N]o, [A]sk later: Y

Enabling anonymous reporting.
Adding "call-home reporting anonymous" to running configuration...

Please remember to save your configuration.

ciscoasa(config)# hostname fw-vnskills-org
fw-vnskills-org(config)# do
fw-vnskills-org(config)# domain-name vnskills.org
fw-vnskills-org(config)# 
Warning: ASAv platform license state is Unlicensed.
Install ASAv platform license for full functionality.

fw-vnskills-org(config)# enable
fw-vnskills-org(config)# enable padd
fw-vnskills-org(config)# enable pas 
fw-vnskills-org(config)# enable password asa@1234
fw-vnskills-org(config)# banner motd -----------------------------------------$
fw-vnskills-org(config)# banner mote Ban dang truy cap vao firewall kiem soat $

banner mote Ban dang truy cap vao firewall kiem soat public cloud network
          ^
ERROR: % Invalid input detected at '^' marker.
fw-vnskills-org(config)# banner motd Ban dang truy cap vao firewall kiem soat $
fw-vnskills-org(config)# banner motd -----------------------------------------$
fw-vnskills-org(config)# exit
fw-vnskills-org# exit

Logoff

-------------------------------------------
Ban dang truy cap vao firewall kiem soat public cloud network
-------------------------------------------
Type help or '?' for a list of available commands.
fw-vnskills-org> ena
Password: 
Invalid password
Password: ********
fw-vnskills-org# 


Cấu hình AES mã hóa Password:

fw-vnskills-org# 
fw-vnskills-org# conf t
fw-vnskills-org(config)# show padd
fw-vnskills-org(config)# show pas 
fw-vnskills-org(config)# show password en
fw-vnskills-org(config)# show password encryption 
Password Encryption: Disabled
Master key hash: Not set(saved)
fw-vnskills-org(config)# key conf
fw-vnskills-org(config)# key config-key p
fw-vnskills-org(config)# key config-key password-encryption asa@1234
fw-vnskills-org(config)# pas
fw-vnskills-org(config)# passwo
fw-vnskills-org(config)# passworden
fw-vnskills-org(config)# password en
fw-vnskills-org(config)# password encryption ae 
fw-vnskills-org(config)# password encryption aes 
fw-vnskills-org(config)# show pass
fw-vnskills-org(config)# show password en
fw-vnskills-org(config)# show password encryption 
Password Encryption: Enabled
Master key hash: 0x17ffbda1 0x624e0740 0x23116d82 0x237a752c 0x4ae5eeb3(not saved)
fw-vnskills-org(config)# 